To honour the JVM settings for this build a single-use Daemon process will be forked. For more on this, please refer to https://docs.gradle.org/9.1.0/userguide/gradle_daemon.html#sec:disabling_the_daemon in the Gradle documentation.
Daemon will be stopped at the end of the build 
> Task :app:preBuild UP-TO-DATE
> Task :app:preDebugBuild UP-TO-DATE
> Task :app:mergeDebugNativeDebugMetadata NO-SOURCE
> Task :app:generateDebugResources UP-TO-DATE
> Task :app:packageDebugResources UP-TO-DATE
> Task :app:processDebugNavigationResources UP-TO-DATE
> Task :app:parseDebugLocalResources UP-TO-DATE
> Task :app:generateDebugRFile UP-TO-DATE
> Task :app:javaPreCompileDebug UP-TO-DATE
> Task :app:generateDebugAssets UP-TO-DATE
> Task :app:mergeDebugAssets UP-TO-DATE
> Task :app:compressDebugAssets UP-TO-DATE
> Task :app:checkDebugDuplicateClasses UP-TO-DATE
> Task :app:desugarDebugFileDependencies UP-TO-DATE
> Task :app:mergeExtDexDebug UP-TO-DATE
> Task :app:mergeLibDexDebug UP-TO-DATE
> Task :app:checkDebugAarMetadata UP-TO-DATE
> Task :app:compileDebugNavigationResources UP-TO-DATE
> Task :app:mapDebugSourceSetPaths UP-TO-DATE
> Task :app:mergeDebugResources UP-TO-DATE
> Task :app:createDebugCompatibleScreenManifests UP-TO-DATE
> Task :app:extractDeepLinksDebug UP-TO-DATE
> Task :app:processDebugMainManifest UP-TO-DATE
> Task :app:processDebugManifest UP-TO-DATE
> Task :app:processDebugManifestForPackage UP-TO-DATE
> Task :app:processDebugResources UP-TO-DATE
> Task :app:mergeDebugJniLibFolders UP-TO-DATE
> Task :app:mergeDebugNativeLibs UP-TO-DATE
> Task :app:stripDebugDebugSymbols UP-TO-DATE
> Task :app:validateSigningDebug UP-TO-DATE
> Task :app:writeDebugAppMetadata UP-TO-DATE
> Task :app:writeDebugSigningConfigVersions UP-TO-DATE

> Task :app:compileDebugKotlin
./gradlew : e: file:///E:/Android_APP
S/GNApp/app/src/main/java/com/emarket
ing_paradice/gnsrilanka/ui/screens/ho
me/HomeScreen.kt:75:18 Unresolved 
reference 'User'.
At line:1 char:1
+ ./gradlew assembleDebug 
--no-daemon > build_output.txt 2>&1
+ ~~~~~~~~~~~~~~~~~~~~~~~~~~~~~~~~~~~
~~~~~~~~~~~~~~~~~~~~~~~~
    + CategoryInfo          : NotSpe 
   cified: (e: file:///E:/A...feren  
  ce 'User'.:String) [], RemoteExc   
 eption
    + FullyQualifiedErrorId : Native 
   CommandError
 
e: file:///E:/Android_APPS/GNApp/app/
src/main/java/com/emarketing_paradice
/gnsrilanka/ui/screens/home/HomeScree
n.kt:93:28 Unresolved reference 'dp'.
e: file:///E:/Android_APPS/GNApp/app/
src/main/java/com/emarketing_paradice
/gnsrilanka/ui/screens/home/HomeScree
n.kt:94:26 Cannot infer type for 
this parameter. Specify it 
explicitly.
e: file:///E:/Android_APPS/GNApp/app/
src/main/java/com/emarketing_paradice
/gnsrilanka/ui/screens/home/HomeScree
n.kt:109:27 Unresolved reference 
'painterResource'.
e: file:///E:/Android_APPS/GNApp/app/
src/main/java/com/emarketing_paradice
/gnsrilanka/ui/screens/home/HomeScree
n.kt:109:48 None of the following 
candidates is applicable:
class R : Any
class R : Any
class R : Any
class R : Any
e: file:///E:/Android_APPS/GNApp/app/
src/main/java/com/emarketing_paradice
/gnsrilanka/ui/screens/home/HomeScree
n.kt:109:50 Unresolved reference 
'drawable'.
e: file:///E:/Android_APPS/GNApp/app/
src/main/java/com/emarketing_paradice
/gnsrilanka/ui/screens/home/HomeScree
n.kt:111:32 Unresolved reference 
'ContentScale'.
e: file:///E:/Android_APPS/GNApp/app/
src/main/java/com/emarketing_paradice
/gnsrilanka/ui/screens/home/HomeScree
n.kt:114:63 Unresolved reference 
'dp'.
e: file:///E:/Android_APPS/GNApp/app/
src/main/java/com/emarketing_paradice
/gnsrilanka/ui/screens/home/HomeScree
n.kt:114:82 Unresolved reference 
'dp'.
e: file:///E:/Android_APPS/GNApp/app/
src/main/java/com/emarketing_paradice
/gnsrilanka/ui/screens/home/HomeScree
n.kt:135:46 Unresolved reference 
'dp'.
e: file:///E:/Android_APPS/GNApp/app/
src/main/java/com/emarketing_paradice
/gnsrilanka/ui/screens/home/HomeScree
n.kt:135:64 Unresolved reference 
'dp'.
e: file:///E:/Android_APPS/GNApp/app/
src/main/java/com/emarketing_paradice
/gnsrilanka/ui/screens/home/HomeScree
n.kt:147:42 Unresolved reference 
'dp'.
e: file:///E:/Android_APPS/GNApp/app/
src/main/java/com/emarketing_paradice
/gnsrilanka/ui/screens/home/HomeScree
n.kt:148:61 Unresolved reference 
'dp'.
e: file:///E:/Android_APPS/GNApp/app/
src/main/java/com/emarketing_paradice
/gnsrilanka/ui/screens/home/HomeScree
n.kt:153:43 Unresolved reference 
'painterResource'.
e: file:///E:/Android_APPS/GNApp/app/
src/main/java/com/emarketing_paradice
/gnsrilanka/ui/screens/home/HomeScree
n.kt:153:64 None of the following 
candidates is applicable:
class R : Any
class R : Any
class R : Any
class R : Any
e: file:///E:/Android_APPS/GNApp/app/
src/main/java/com/emarketing_paradice
/gnsrilanka/ui/screens/home/HomeScree
n.kt:153:66 Unresolved reference 
'drawable'.
e: file:///E:/Android_APPS/GNApp/app/
src/main/java/com/emarketing_paradice
/gnsrilanka/ui/screens/home/HomeScree
n.kt:156:61 Unresolved reference 
'dp'.
e: file:///E:/Android_APPS/GNApp/app/
src/main/java/com/emarketing_paradice
/gnsrilanka/ui/screens/home/HomeScree
n.kt:159:61 Unresolved reference 
'dp'.
e: file:///E:/Android_APPS/GNApp/app/
src/main/java/com/emarketing_paradice
/gnsrilanka/ui/screens/home/HomeScree
n.kt:164:47 Unresolved reference 
'sp'.
e: file:///E:/Android_APPS/GNApp/app/
src/main/java/com/emarketing_paradice
/gnsrilanka/ui/screens/home/HomeScree
n.kt:165:46 Unresolved reference 
'FontWeight'.
e: file:///E:/Android_APPS/GNApp/app/
src/main/java/com/emarketing_paradice
/gnsrilanka/ui/screens/home/HomeScree
n.kt:170:47 Unresolved reference 
'sp'.
e: file:///E:/Android_APPS/GNApp/app/
src/main/java/com/emarketing_paradice
/gnsrilanka/ui/screens/home/HomeScree
n.kt:171:46 Unresolved reference 
'FontWeight'.
e: file:///E:/Android_APPS/GNApp/app/
src/main/java/com/emarketing_paradice
/gnsrilanka/ui/screens/home/HomeScree
n.kt:178:38 Unresolved reference 
'dp'.
e: file:///E:/Android_APPS/GNApp/app/
src/main/java/com/emarketing_paradice
/gnsrilanka/ui/screens/home/HomeScree
n.kt:179:57 Unresolved reference 
'dp'.
e: file:///E:/Android_APPS/GNApp/app/
src/main/java/com/emarketing_paradice
/gnsrilanka/ui/screens/home/HomeScree
n.kt:183:39 Unresolved reference 
'painterResource'.
e: file:///E:/Android_APPS/GNApp/app/
src/main/java/com/emarketing_paradice
/gnsrilanka/ui/screens/home/HomeScree
n.kt:183:60 None of the following 
candidates is applicable:
class R : Any
class R : Any
class R : Any
class R : Any
e: file:///E:/Android_APPS/GNApp/app/
src/main/java/com/emarketing_paradice
/gnsrilanka/ui/screens/home/HomeScree
n.kt:183:62 Unresolved reference 
'drawable'.
e: file:///E:/Android_APPS/GNApp/app/
src/main/java/com/emarketing_paradice
/gnsrilanka/ui/screens/home/HomeScree
n.kt:186:57 Unresolved reference 
'dp'.
e: file:///E:/Android_APPS/GNApp/app/
src/main/java/com/emarketing_paradice
/gnsrilanka/ui/screens/home/HomeScree
n.kt:204:45 Unresolved reference 
'dp'.
e: file:///E:/Android_APPS/GNApp/app/
src/main/java/com/emarketing_paradice
/gnsrilanka/ui/screens/home/HomeScree
n.kt:205:36 Unresolved reference 
'dp'.
e: file:///E:/Android_APPS/GNApp/app/
src/main/java/com/emarketing_paradice
/gnsrilanka/ui/screens/home/HomeScree
n.kt:205:62 Unresolved reference 
'dp'.
e: file:///E:/Android_APPS/GNApp/app/
src/main/java/com/emarketing_paradice
/gnsrilanka/ui/screens/home/HomeScree
n.kt:206:51 Unresolved reference 
'dp'.
e: file:///E:/Android_APPS/GNApp/app/
src/main/java/com/emarketing_paradice
/gnsrilanka/ui/screens/home/HomeScree
n.kt:226:43 Unresolved reference 
'painterResource'.
e: file:///E:/Android_APPS/GNApp/app/
src/main/java/com/emarketing_paradice
/gnsrilanka/ui/screens/home/HomeScree
n.kt:226:64 None of the following 
candidates is applicable:
class R : Any
class R : Any
class R : Any
class R : Any
e: file:///E:/Android_APPS/GNApp/app/
src/main/java/com/emarketing_paradice
/gnsrilanka/ui/screens/home/HomeScree
n.kt:226:66 Unresolved reference 
'drawable'.
e: file:///E:/Android_APPS/GNApp/app/
src/main/java/com/emarketing_paradice
/gnsrilanka/ui/screens/home/HomeScree
n.kt:242:50 Unresolved reference 
'dp'.
e: file:///E:/Android_APPS/GNApp/app/
src/main/java/com/emarketing_paradice
/gnsrilanka/ui/screens/home/HomeScree
n.kt:243:56 Unresolved reference 
'dp'.
e: file:///E:/Android_APPS/GNApp/app/
src/main/java/com/emarketing_paradice
/gnsrilanka/ui/screens/home/HomeScree
n.kt:243:72 Unresolved reference 
'dp'.
e: file:///E:/Android_APPS/GNApp/app/
src/main/java/com/emarketing_paradice
/gnsrilanka/ui/screens/home/HomeScree
n.kt:245:42 Unresolved reference 
'dp'.
e: file:///E:/Android_APPS/GNApp/app/
src/main/java/com/emarketing_paradice
/gnsrilanka/ui/screens/home/HomeScree
n.kt:245:60 Unresolved reference 
'dp'.
e: file:///E:/Android_APPS/GNApp/app/
src/main/java/com/emarketing_paradice
/gnsrilanka/ui/screens/home/HomeScree
n.kt:250:30 Unresolved reference 
'FontWeight'.
e: file:///E:/Android_APPS/GNApp/app/
src/main/java/com/emarketing_paradice
/gnsrilanka/ui/screens/home/HomeScree
n.kt:252:57 Unresolved reference 
'dp'.
e: file:///E:/Android_APPS/GNApp/app/
src/main/java/com/emarketing_paradice
/gnsrilanka/ui/screens/home/HomeScree
n.kt:257:65 Unresolved reference 
'dp'.
e: file:///E:/Android_APPS/GNApp/app/
src/main/java/com/emarketing_paradice
/gnsrilanka/ui/screens/home/HomeScree
n.kt:262:28 None of the following 
candidates is applicable:
class R : Any
class R : Any
class R : Any
class R : Any
e: file:///E:/Android_APPS/GNApp/app/
src/main/java/com/emarketing_paradice
/gnsrilanka/ui/screens/home/HomeScree
n.kt:262:30 Unresolved reference 
'drawable'.
e: file:///E:/Android_APPS/GNApp/app/
src/main/java/com/emarketing_paradice
/gnsrilanka/ui/screens/home/HomeScree
n.kt:269:28 None of the following 
candidates is applicable:
class R : Any
class R : Any
class R : Any
class R : Any
e: file:///E:/Android_APPS/GNApp/app/
src/main/java/com/emarketing_paradice
/gnsrilanka/ui/screens/home/HomeScree
n.kt:269:30 Unresolved reference 
'drawable'.
e: file:///E:/Android_APPS/GNApp/app/
src/main/java/com/emarketing_paradice
/gnsrilanka/ui/screens/home/HomeScree
n.kt:275:50 Unresolved reference 
'dp'.
e: file:///E:/Android_APPS/GNApp/app/
src/main/java/com/emarketing_paradice
/gnsrilanka/ui/screens/home/HomeScree
n.kt:280:24 None of the following 
candidates is applicable:
class R : Any
class R : Any
class R : Any
class R : Any
e: file:///E:/Android_APPS/GNApp/app/
src/main/java/com/emarketing_paradice
/gnsrilanka/ui/screens/home/HomeScree
n.kt:280:26 Unresolved reference 
'drawable'.
e: file:///E:/Android_APPS/GNApp/app/
src/main/java/com/emarketing_paradice
/gnsrilanka/ui/screens/home/HomeScree
n.kt:285:50 Unresolved reference 
'dp'.
e: file:///E:/Android_APPS/GNApp/app/
src/main/java/com/emarketing_paradice
/gnsrilanka/ui/screens/home/HomeScree
n.kt:288:50 Unresolved reference 
'dp'.
e: file:///E:/Android_APPS/GNApp/app/
src/main/java/com/emarketing_paradice
/gnsrilanka/ui/screens/home/HomeScree
n.kt:292:65 Unresolved reference 
'dp'.
e: file:///E:/Android_APPS/GNApp/app/
src/main/java/com/emarketing_paradice
/gnsrilanka/ui/screens/home/HomeScree
n.kt:294:52 None of the following 
candidates is applicable:
class R : Any
class R : Any
class R : Any
class R : Any
e: file:///E:/Android_APPS/GNApp/app/
src/main/java/com/emarketing_paradice
/gnsrilanka/ui/screens/home/HomeScree
n.kt:294:54 Unresolved reference 
'drawable'.
e: file:///E:/Android_APPS/GNApp/app/
src/main/java/com/emarketing_paradice
/gnsrilanka/ui/screens/home/HomeScree
n.kt:295:48 None of the following 
candidates is applicable:
class R : Any
class R : Any
class R : Any
class R : Any
e: file:///E:/Android_APPS/GNApp/app/
src/main/java/com/emarketing_paradice
/gnsrilanka/ui/screens/home/HomeScree
n.kt:295:50 Unresolved reference 
'drawable'.
e: file:///E:/Android_APPS/GNApp/app/
src/main/java/com/emarketing_paradice
/gnsrilanka/ui/screens/home/HomeScree
n.kt:296:48 None of the following 
candidates is applicable:
class R : Any
class R : Any
class R : Any
class R : Any
e: file:///E:/Android_APPS/GNApp/app/
src/main/java/com/emarketing_paradice
/gnsrilanka/ui/screens/home/HomeScree
n.kt:296:50 Unresolved reference 
'drawable'.
e: file:///E:/Android_APPS/GNApp/app/
src/main/java/com/emarketing_paradice
/gnsrilanka/ui/screens/home/HomeScree
n.kt:299:50 Unresolved reference 
'dp'.
e: file:///E:/Android_APPS/GNApp/app/
src/main/java/com/emarketing_paradice
/gnsrilanka/ui/screens/home/HomeScree
n.kt:302:50 Unresolved reference 
'dp'.
e: file:///E:/Android_APPS/GNApp/app/
src/main/java/com/emarketing_paradice
/gnsrilanka/ui/screens/home/HomeScree
n.kt:311:50 Unresolved reference 
'dp'.
e: file:///E:/Android_APPS/GNApp/app/
src/main/java/com/emarketing_paradice
/gnsrilanka/ui/screens/home/HomeScree
n.kt:314:50 Unresolved reference 
'dp'.
e: file:///E:/Android_APPS/GNApp/app/
src/main/java/com/emarketing_paradice
/gnsrilanka/ui/screens/home/HomeScree
n.kt:318:47 Unresolved reference 
'dp'.
e: file:///E:/Android_APPS/GNApp/app/
src/main/java/com/emarketing_paradice
/gnsrilanka/ui/screens/home/HomeScree
n.kt:320:77 Unresolved reference 
'dp'.
e: file:///E:/Android_APPS/GNApp/app/
src/main/java/com/emarketing_paradice
/gnsrilanka/ui/screens/home/HomeScree
n.kt:322:55 Unresolved reference 
'dp'.
e: file:///E:/Android_APPS/GNApp/app/
src/main/java/com/emarketing_paradice
/gnsrilanka/ui/screens/home/HomeScree
n.kt:331:81 Unresolved reference 
'dp'.
e: file:///E:/Android_APPS/GNApp/app/
src/main/java/com/emarketing_paradice
/gnsrilanka/ui/screens/home/HomeScree
n.kt:332:53 Unresolved reference 
'dp'.
e: file:///E:/Android_APPS/GNApp/app/
src/main/java/com/emarketing_paradice
/gnsrilanka/ui/screens/home/HomeScree
n.kt:340:51 Unresolved reference 
'dp'.
e: file:///E:/Android_APPS/GNApp/app/
src/main/java/com/emarketing_paradice
/gnsrilanka/ui/screens/home/HomeScree
n.kt:355:26 Unresolved reference 
'FontWeight'.
e: file:///E:/Android_APPS/GNApp/app/
src/main/java/com/emarketing_paradice
/gnsrilanka/ui/screens/home/HomeScree
n.kt:360:90 Unresolved reference 
'FontWeight'.
e: file:///E:/Android_APPS/GNApp/app/
src/main/java/com/emarketing_paradice
/gnsrilanka/ui/screens/home/HomeScree
n.kt:368:55 Unresolved reference 
'dp'.
e: file:///E:/Android_APPS/GNApp/app/
src/main/java/com/emarketing_paradice
/gnsrilanka/ui/screens/home/HomeScree
n.kt:369:96 Unresolved reference 
'sp'.
e: file:///E:/Android_APPS/GNApp/app/
src/main/java/com/emarketing_paradice
/gnsrilanka/ui/screens/home/HomeScree
n.kt:372:9 Syntax error: Expecting a 
top level declaration.
e: file:///E:/Android_APPS/GNApp/app/
src/main/java/com/emarketing_paradice
/gnsrilanka/ui/screens/home/HomeScree
n.kt:373:1 Syntax error: Expecting a 
top level declaration.
e: file:///E:/Android_APPS/GNApp/app/
src/main/java/com/emarketing_paradice
/gnsrilanka/ui/screens/home/HomeScree
n.kt:379:44 Unresolved reference 
'dp'.
e: file:///E:/Android_APPS/GNApp/app/
src/main/java/com/emarketing_paradice
/gnsrilanka/ui/screens/home/HomeScree
n.kt:380:45 Unresolved reference 
'dp'.
e: file:///E:/Android_APPS/GNApp/app/
src/main/java/com/emarketing_paradice
/gnsrilanka/ui/screens/home/HomeScree
n.kt:382:55 Unresolved reference 
'dp'.
e: file:///E:/Android_APPS/GNApp/app/
src/main/java/com/emarketing_paradice
/gnsrilanka/ui/screens/home/HomeScree
n.kt:383:71 Unresolved reference 
'dp'.
e: file:///E:/Android_APPS/GNApp/app/
src/main/java/com/emarketing_paradice
/gnsrilanka/ui/screens/home/HomeScree
n.kt:387:47 Unresolved reference 
'dp'.
e: file:///E:/Android_APPS/GNApp/app/
src/main/java/com/emarketing_paradice
/gnsrilanka/ui/screens/home/HomeScree
n.kt:391:70 Unresolved reference 
'dp'.
e: file:///E:/Android_APPS/GNApp/app/
src/main/java/com/emarketing_paradice
/gnsrilanka/ui/screens/home/HomeScree
n.kt:397:58 Unresolved reference 
'dp'.
e: file:///E:/Android_APPS/GNApp/app/
src/main/java/com/emarketing_paradice
/gnsrilanka/ui/screens/home/HomeScree
n.kt:398:77 Unresolved reference 
'dp'.
e: file:///E:/Android_APPS/GNApp/app/
src/main/java/com/emarketing_paradice
/gnsrilanka/ui/screens/home/HomeScree
n.kt:405:51 Unresolved reference 
'painterResource'.
e: file:///E:/Android_APPS/GNApp/app/
src/main/java/com/emarketing_paradice
/gnsrilanka/ui/screens/home/HomeScree
n.kt:408:69 Unresolved reference 
'dp'.
e: file:///E:/Android_APPS/GNApp/app/
src/main/java/com/emarketing_paradice
/gnsrilanka/ui/screens/home/HomeScree
n.kt:411:62 Unresolved reference 
'dp'.
e: file:///E:/Android_APPS/GNApp/app/
src/main/java/com/emarketing_paradice
/gnsrilanka/ui/screens/home/HomeScree
n.kt:414:47 Unresolved reference 
'sp'.
e: file:///E:/Android_APPS/GNApp/app/
src/main/java/com/emarketing_paradice
/gnsrilanka/ui/screens/home/HomeScree
n.kt:415:46 Unresolved reference 
'FontWeight'.
e: file:///E:/Android_APPS/GNApp/app/
src/main/java/com/emarketing_paradice
/gnsrilanka/ui/screens/home/HomeScree
n.kt:427:47 Unresolved reference 
'dp'.
e: file:///E:/Android_APPS/GNApp/app/
src/main/java/com/emarketing_paradice
/gnsrilanka/ui/screens/home/HomeScree
n.kt:428:63 Unresolved reference 
'dp'.
e: file:///E:/Android_APPS/GNApp/app/
src/main/java/com/emarketing_paradice
/gnsrilanka/ui/screens/home/HomeScree
n.kt:431:47 Unresolved reference 
'dp'.
e: file:///E:/Android_APPS/GNApp/app/
src/main/java/com/emarketing_paradice
/gnsrilanka/ui/screens/home/HomeScree
n.kt:435:56 Unresolved reference 
'dp'.
e: file:///E:/Android_APPS/GNApp/app/
src/main/java/com/emarketing_paradice
/gnsrilanka/ui/screens/home/HomeScree
n.kt:436:71 Unresolved reference 
'dp'.
e: file:///E:/Android_APPS/GNApp/app/
src/main/java/com/emarketing_paradice
/gnsrilanka/ui/screens/home/HomeScree
n.kt:441:58 Unresolved reference 
'dp'.
e: file:///E:/Android_APPS/GNApp/app/
src/main/java/com/emarketing_paradice
/gnsrilanka/ui/screens/home/HomeScree
n.kt:442:77 Unresolved reference 
'dp'.
e: file:///E:/Android_APPS/GNApp/app/
src/main/java/com/emarketing_paradice
/gnsrilanka/ui/screens/home/HomeScree
n.kt:447:51 Unresolved reference 
'painterResource'.
e: file:///E:/Android_APPS/GNApp/app/
src/main/java/com/emarketing_paradice
/gnsrilanka/ui/screens/home/HomeScree
n.kt:450:69 Unresolved reference 
'dp'.
e: file:///E:/Android_APPS/GNApp/app/
src/main/java/com/emarketing_paradice
/gnsrilanka/ui/screens/home/HomeScree
n.kt:454:77 Unresolved reference 
'dp'.
e: file:///E:/Android_APPS/GNApp/app/
src/main/java/com/emarketing_paradice
/gnsrilanka/ui/screens/home/HomeScree
n.kt:457:55 Unresolved reference 
'sp'.
e: file:///E:/Android_APPS/GNApp/app/
src/main/java/com/emarketing_paradice
/gnsrilanka/ui/screens/home/HomeScree
n.kt:458:54 Unresolved reference 
'FontWeight'.
e: file:///E:/Android_APPS/GNApp/app/
src/main/java/com/emarketing_paradice
/gnsrilanka/ui/screens/home/HomeScree
n.kt:463:55 Unresolved reference 
'sp'.
e: file:///E:/Android_APPS/GNApp/app/
src/main/java/com/emarketing_paradice
/gnsrilanka/ui/screens/home/HomeScree
n.kt:465:54 Unresolved reference 
'FontWeight'.
e: file:///E:/Android_APPS/GNApp/app/
src/main/java/com/emarketing_paradice
/gnsrilanka/ui/screens/home/HomeScree
n.kt:479:62 Unresolved reference 
'dp'.
e: file:///E:/Android_APPS/GNApp/app/
src/main/java/com/emarketing_paradice
/gnsrilanka/ui/screens/home/HomeScree
n.kt:480:69 Unresolved reference 
'dp'.
e: file:///E:/Android_APPS/GNApp/app/
src/main/java/com/emarketing_paradice
/gnsrilanka/ui/screens/home/HomeScree
n.kt:483:33 None of the following 
candidates is applicable:
class R : Any
class R : Any
class R : Any
class R : Any
e: file:///E:/Android_APPS/GNApp/app/
src/main/java/com/emarketing_paradice
/gnsrilanka/ui/screens/home/HomeScree
n.kt:483:35 Unresolved reference 
'drawable'.
e: file:///E:/Android_APPS/GNApp/app/
src/main/java/com/emarketing_paradice
/gnsrilanka/ui/screens/home/HomeScree
n.kt:489:33 None of the following 
candidates is applicable:
class R : Any
class R : Any
class R : Any
class R : Any
e: file:///E:/Android_APPS/GNApp/app/
src/main/java/com/emarketing_paradice
/gnsrilanka/ui/screens/home/HomeScree
n.kt:489:35 Unresolved reference 
'drawable'.
e: file:///E:/Android_APPS/GNApp/app/
src/main/java/com/emarketing_paradice
/gnsrilanka/ui/screens/home/HomeScree
n.kt:494:69 Unresolved reference 
'dp'.
e: file:///E:/Android_APPS/GNApp/app/
src/main/java/com/emarketing_paradice
/gnsrilanka/ui/screens/home/HomeScree
n.kt:497:33 None of the following 
candidates is applicable:
class R : Any
class R : Any
class R : Any
class R : Any
e: file:///E:/Android_APPS/GNApp/app/
src/main/java/com/emarketing_paradice
/gnsrilanka/ui/screens/home/HomeScree
n.kt:497:35 Unresolved reference 
'drawable'.
e: file:///E:/Android_APPS/GNApp/app/
src/main/java/com/emarketing_paradice
/gnsrilanka/ui/screens/home/HomeScree
n.kt:503:33 None of the following 
candidates is applicable:
class R : Any
class R : Any
class R : Any
class R : Any
e: file:///E:/Android_APPS/GNApp/app/
src/main/java/com/emarketing_paradice
/gnsrilanka/ui/screens/home/HomeScree
n.kt:503:35 Unresolved reference 
'drawable'.
e: file:///E:/Android_APPS/GNApp/app/
src/main/java/com/emarketing_paradice
/gnsrilanka/ui/screens/home/HomeScree
n.kt:516:55 Unresolved reference 
'dp'.
e: file:///E:/Android_APPS/GNApp/app/
src/main/java/com/emarketing_paradice
/gnsrilanka/ui/screens/home/HomeScree
n.kt:517:71 Unresolved reference 
'dp'.
e: file:///E:/Android_APPS/GNApp/app/
src/main/java/com/emarketing_paradice
/gnsrilanka/ui/screens/home/HomeScree
n.kt:521:47 Unresolved reference 
'dp'.
e: file:///E:/Android_APPS/GNApp/app/
src/main/java/com/emarketing_paradice
/gnsrilanka/ui/screens/home/HomeScree
n.kt:525:56 Unresolved reference 
'dp'.

e: file:///E:/Android_APPS/GNApp/app/
src/main/java/com/emarketing_paradice
/gnsrilanka/ui/screens/home/HomeScree
n.kt:531:58 Unresolved reference 
'dp'.
e: file:///E:/Android_APPS/GNApp/app/
src/main/java/com/emarketing_paradice
/gnsrilanka/ui/screens/home/HomeScree
n.kt:532:77 Unresolved reference 
'dp'.
e: file:///E:/Android_APPS/GNApp/app/
src/main/java/com/emarketing_paradice
/gnsrilanka/ui/screens/home/HomeScree
n.kt:539:51 Unresolved reference 
'painterResource'.
e: file:///E:/Android_APPS/GNApp/app/
src/main/java/com/emarketing_paradice
/gnsrilanka/ui/screens/home/HomeScree
n.kt:542:69 Unresolved reference 
'dp'.
e: file:///E:/Android_APPS/GNApp/app/
src/main/java/com/emarketing_paradice
/gnsrilanka/ui/screens/home/HomeScree
n.kt:545:61 Unresolved reference 
'dp'.
e: file:///E:/Android_APPS/GNApp/app/
src/main/java/com/emarketing_paradice
/gnsrilanka/ui/screens/home/HomeScree
n.kt:548:47 Unresolved reference 
'sp'.
e: file:///E:/Android_APPS/GNApp/app/
src/main/java/com/emarketing_paradice
/gnsrilanka/ui/screens/home/HomeScree
n.kt:549:46 Unresolved reference 
'FontWeight'.
e: file:///E:/Android_APPS/GNApp/app/
src/main/java/com/emarketing_paradice
/gnsrilanka/ui/screens/home/HomeScree
n.kt:562:87 Unresolved reference 
'dp'.
e: file:///E:/Android_APPS/GNApp/app/
src/main/java/com/emarketing_paradice
/gnsrilanka/ui/screens/home/HomeScree
n.kt:567:50 Unresolved reference 
'dp'.
e: file:///E:/Android_APPS/GNApp/app/
src/main/java/com/emarketing_paradice
/gnsrilanka/ui/screens/home/HomeScree
n.kt:568:69 Unresolved reference 
'dp'.
> Task :app:compileDebugKotlin FAILED
29 actionable tasks: 1 executed, 28 up-to-date
e: file:///E:/Android_APPS/GNApp/app/
src/main/java/com/emarketing_paradice
/gnsrilanka/ui/screens/home/HomeScree
n.kt:573:43 Unresolved reference 
'painterResource'.
e: file:///E:/Android_APPS/GNApp/app/
src/main/java/com/emarketing_paradice
/gnsrilanka/ui/screens/home/HomeScree
n.kt:573:64 None of the following 
candidates is applicable:
class R : Any
class R : Any
class R : Any
class R : Any
e: file:///E:/Android_APPS/GNApp/app/
src/main/java/com/emarketing_paradice
/gnsrilanka/ui/screens/home/HomeScree
n.kt:573:66 Unresolved reference 
'drawable'.
e: file:///E:/Android_APPS/GNApp/app/
src/main/java/com/emarketing_paradice
/gnsrilanka/ui/screens/home/HomeScree
n.kt:576:61 Unresolved reference 
'dp'.
e: file:///E:/Android_APPS/GNApp/app/
src/main/java/com/emarketing_paradice
/gnsrilanka/ui/screens/home/HomeScree
n.kt:579:53 Unresolved reference 
'dp'.
e: file:///E:/Android_APPS/GNApp/app/
src/main/java/com/emarketing_paradice
/gnsrilanka/ui/screens/home/HomeScree
n.kt:583:47 Unresolved reference 
'sp'.
e: file:///E:/Android_APPS/GNApp/app/
src/main/java/com/emarketing_paradice
/gnsrilanka/ui/screens/home/HomeScree
n.kt:584:46 Unresolved reference 
'FontWeight'.
e: file:///E:/Android_APPS/GNApp/app/
src/main/java/com/emarketing_paradice
/gnsrilanka/ui/screens/home/HomeScree
n.kt:589:47 Unresolved reference 
'sp'.
e: file:///E:/Android_APPS/GNApp/app/
src/main/java/com/emarketing_paradice
/gnsrilanka/ui/screens/home/HomeScree
n.kt:601:35 Unresolved reference 
'painterResource'.
e: file:///E:/Android_APPS/GNApp/app/
src/main/java/com/emarketing_paradice
/gnsrilanka/ui/screens/home/HomeScree
n.kt:601:56 None of the following 
candidates is applicable:
class R : Any
class R : Any
class R : Any
class R : Any
e: file:///E:/Android_APPS/GNApp/app/
src/main/java/com/emarketing_paradice
/gnsrilanka/ui/screens/home/HomeScree
n.kt:601:58 Unresolved reference 
'drawable'.
e: file:///E:/Android_APPS/GNApp/app/
src/main/java/com/emarketing_paradice
/gnsrilanka/ui/screens/home/HomeScree
n.kt:604:53 Unresolved reference 
'dp'.
e: file:///E:/Android_APPS/GNApp/app/
src/main/java/com/emarketing_paradice
/gnsrilanka/ui/screens/home/HomeScree
n.kt:609:2 Unresolved reference 
'Preview'.
e: file:///E:/Android_APPS/GNApp/app/
src/main/java/com/emarketing_paradice
/gnsrilanka/ui/screens/home/HomeScree
n.kt:612:9 Unresolved reference 
'GNAppTheme'.
e: file:///E:/Android_APPS/GNApp/app/
src/main/java/com/emarketing_paradice
/gnsrilanka/ui/screens/home/HomeScree
n.kt:613:17 @Composable invocations 
can only happen from the context of 
a @Composable function
e: file:///E:/Android_APPS/GNApp/app/
src/main/java/com/emarketing_paradice
/gnsrilanka/ui/screens/home/HomeScree
n.kt:614:66 Unresolved reference 
'PreviewData'.
e: file:///E:/Android_APPS/GNApp/app/
src/main/java/com/emarketing_paradice
/gnsrilanka/ui/screens/home/HomeScree
n.kt:616:63 Unresolved reference 
'PreviewData'.
e: file:///E:/Android_APPS/GNApp/app/
src/main/java/com/emarketing_paradice
/gnsrilanka/ui/screens/home/HomeScree
n.kt:617:66 Unresolved reference 
'PreviewData'.
e: file:///E:/Android_APPS/GNApp/app/
src/main/java/com/emarketing_paradice
/gnsrilanka/ui/screens/home/HomeScree
n.kt:618:39 Unresolved reference 
'PreviewData'.

FAILURE: Build failed with an 
exception.

* What went wrong:
Execution failed for task 
':app:compileDebugKotlin'.
> A failure occurred while executing 
org.jetbrains.kotlin.compilerRunner.G
radleCompilerRunnerWithWorkers$Gradle
KotlinCompilerWorkAction
   > Compilation error. See log for 
more details

* Try:
> Run with --stacktrace option to 
get the stack trace.
> Run with --info or --debug option 
to get more log output.
> Run with --scan to generate a 
Build Scan (Powered by Develocity).
> Get more help at 
https://help.gradle.org.

BUILD FAILED in 32s
